START pages=45 sizes=3 total=135
[1/135] OK 1366 403.html
[2/135] OK 1366 404.html
[3/135] OK 1366 500.html
[4/135] OK 1366 async-task-list.html
[5/135] OK 1366 audit-archive.html
[6/135] OK 1366 audit-log-list.html
[7/135] OK 1366 audit-ops-access.html
[8/135] OK 1366 audit-security-event.html
[9/135] OK 1366 audit-sensitive-access.html
[10/135] OK 1366 class-detail.html
[11/135] OK 1366 class-import-roster.html
[12/135] OK 1366 class-list.html
[13/135] OK 1366 class-move-students.html
[14/135] OK 1366 class-roster-add.html
[15/135] OK 1366 dead-letter-task.html
[16/135] OK 1366 grade-list.html
[17/135] OK 1366 import-wizard.html
[18/135] OK 1366 login.html
[19/135] OK 1366 promotion-create.html
[20/135] OK 1366 promotion-execute.html
[21/135] OK 1366 promotion-history.html
[22/135] OK 1366 promotion-list.html
[23/135] OK 1366 promotion-preview.html
[24/135] OK 1366 promotion-result.html
[25/135] OK 1366 promotion-transfer.html
[26/135] OK 1366 promotion-validate.html
[27/135] OK 1366 school-campus.html
[28/135] OK 1366 school-init.html
[29/135] OK 1366 school-list.html
[30/135] OK 1366 stream-approve.html
[31/135] OK 1366 stream-config.html
[32/135] OK 1366 stream-generate-class.html
[33/135] OK 1366 stream-list.html
[34/135] OK 1366 stream-selection.html
[35/135] OK 1366 stream-stat.html
[36/135] OK 1366 student-cross-transfer.html
[37/135] OK 1366 student-import.html
[38/135] OK 1366 student-list.html
[39/135] OK 1366 subject-list.html
[40/135] OK 1366 teacher-assign.html
[41/135] OK 1366 teacher-import.html
[42/135] OK 1366 teacher-list.html
[43/135] OK 1366 teaching-class-list.html
[44/135] OK 1366 term-list.html
[45/135] OK 1366 term-terms.html
[46/135] OK 1440 403.html
[47/135] OK 1440 404.html
[48/135] OK 1440 500.html
[49/135] OK 1440 async-task-list.html
[50/135] OK 1440 audit-archive.html
[51/135] OK 1440 audit-log-list.html
[52/135] OK 1440 audit-ops-access.html
[53/135] OK 1440 audit-security-event.html
[54/135] OK 1440 audit-sensitive-access.html
[55/135] OK 1440 class-detail.html
[56/135] OK 1440 class-import-roster.html
[57/135] OK 1440 class-list.html
[58/135] OK 1440 class-move-students.html
[59/135] OK 1440 class-roster-add.html
[60/135] OK 1440 dead-letter-task.html
[61/135] OK 1440 grade-list.html
[62/135] OK 1440 import-wizard.html
[63/135] OK 1440 login.html
[64/135] OK 1440 promotion-create.html
[65/135] OK 1440 promotion-execute.html
[66/135] OK 1440 promotion-history.html
[67/135] OK 1440 promotion-list.html
[68/135] OK 1440 promotion-preview.html
[69/135] OK 1440 promotion-result.html
[70/135] OK 1440 promotion-transfer.html
[71/135] OK 1440 promotion-validate.html
[72/135] OK 1440 school-campus.html
[73/135] OK 1440 school-init.html
[74/135] OK 1440 school-list.html
[75/135] OK 1440 stream-approve.html
[76/135] OK 1440 stream-config.html
[77/135] OK 1440 stream-generate-class.html
[78/135] OK 1440 stream-list.html
[79/135] OK 1440 stream-selection.html
[80/135] OK 1440 stream-stat.html
[81/135] OK 1440 student-cross-transfer.html
[82/135] OK 1440 student-import.html
[83/135] OK 1440 student-list.html
[84/135] OK 1440 subject-list.html
[85/135] OK 1440 teacher-assign.html
[86/135] OK 1440 teacher-import.html
[87/135] OK 1440 teacher-list.html
[88/135] OK 1440 teaching-class-list.html
[89/135] OK 1440 term-list.html
[90/135] OK 1440 term-terms.html
[91/135] OK 1920 403.html
[92/135] OK 1920 404.html
[93/135] OK 1920 500.html
[94/135] OK 1920 async-task-list.html
[95/135] OK 1920 audit-archive.html
[96/135] OK 1920 audit-log-list.html
[97/135] OK 1920 audit-ops-access.html
[98/135] OK 1920 audit-security-event.html
[99/135] OK 1920 audit-sensitive-access.html
[100/135] OK 1920 class-detail.html
[101/135] OK 1920 class-import-roster.html
[102/135] OK 1920 class-list.html
[103/135] OK 1920 class-move-students.html
[104/135] OK 1920 class-roster-add.html
[105/135] OK 1920 dead-letter-task.html
[106/135] OK 1920 grade-list.html
[107/135] OK 1920 import-wizard.html
[108/135] OK 1920 login.html
[109/135] OK 1920 promotion-create.html
[110/135] OK 1920 promotion-execute.html
[111/135] OK 1920 promotion-history.html
[112/135] OK 1920 promotion-list.html
[113/135] OK 1920 promotion-preview.html
[114/135] OK 1920 promotion-result.html
[115/135] OK 1920 promotion-transfer.html
[116/135] OK 1920 promotion-validate.html
[117/135] OK 1920 school-campus.html
[118/135] OK 1920 school-init.html
[119/135] OK 1920 school-list.html
[120/135] OK 1920 stream-approve.html
[121/135] OK 1920 stream-config.html
[122/135] OK 1920 stream-generate-class.html
[123/135] OK 1920 stream-list.html
[124/135] OK 1920 stream-selection.html
[125/135] OK 1920 stream-stat.html
[126/135] OK 1920 student-cross-transfer.html
[127/135] OK 1920 student-import.html
[128/135] OK 1920 student-list.html
[129/135] OK 1920 subject-list.html
[130/135] OK 1920 teacher-assign.html
[131/135] OK 1920 teacher-import.html
[132/135] OK 1920 teacher-list.html
[133/135] OK 1920 teaching-class-list.html
[134/135] OK 1920 term-list.html
[135/135] OK 1920 term-terms.html
DONE captured=135 total=135
