verify-teacher-grade-context.html?page=teacher&layer=functional exit=0 ['合计 13 条，通过 13 条，失败 0 条']
verify-teacher-grade-context.html?page=teacher&layer=hifi exit=0 ['合计 13 条，通过 13 条，失败 0 条']
verify-teacher-grade-context.html?page=grade&layer=functional exit=0 ['合计 13 条，通过 13 条，失败 0 条']
verify-teacher-grade-context.html?page=grade&layer=hifi exit=0 ['合计 13 条，通过 13 条，失败 0 条']
verify-grade-list.html exit=0 ['合计 38 / 38 条，通过 38 条，不通过 0 条 —— 全部通过']
verify-teacher-grade-carrier.html exit=0 ['合计 14 条，通过 14 条，不通过 0 条 —— 全部通过']
verify-teacher-grade-detail.html exit=0 ['合计 6 / 6 条，通过 6 条，不通过 0 条 —— 全部通过']
verify-student-cascade.html?layer=functional exit=0 ['合计 20 / 20 条，通过 20 条，不通过 0 条']
verify-student-cascade.html?layer=hifi exit=0 ['合计 20 / 20 条，通过 20 条，不通过 0 条']
verify-class-context.html?layer=functional exit=0 ['合计 10 条，通过 10 条，失败 0 条']
verify-class-context.html?layer=hifi exit=0 ['合计 10 条，通过 10 条，失败 0 条']
verify-class-list.html exit=0 ['合计 39 / 39 条，通过 39 条，不通过 0 条 —— 全部通过']
verify-class-dialogs.html exit=0 ['合计 36 / 36 条，通过 36 条，不通过 0 条 —— 全部通过']
verify-carrier-change.html exit=0 ['合计 14 条，通过 14 条，不通过 0 条 —— 全部通过']
verify-detail-entry.html exit=0 ['合计 6 / 6 条，通过 6 条，不通过 0 条 —— 全部通过']
verify-student-module.html exit=0 ['合计 28 / 28 条，通过 28 条，不通过 0 条 —— 全部通过']
['python', 'tools/check_docs.py'] exit=0
=== 文档一致性核查 ===
通过：未发现问题

['git', 'diff', '--check'] exit=0

['git', 'diff', 'HEAD', '--', 'prototypes/functional/v1', 'prototypes/high-fidelity/v1', 'docs/10-prd/modules/teacher/PRD.md'] exit=0

frozen baselines unchanged: PASS
UTF-8 no BOM LF: PASS; manual acceptance: pending; backend permission verification: not executed; commit/push/merge: not executed
Independent final review: PASS; no blocking findings; prior two P2 findings fixed and regression verified.
