# 阶段 6 证据：学校「学段配置」交付（CR-108）

- 时间：2026-10-08
- 环境：vite dev server（localhost:80）+ Chrome（浏览器自动化）+ 本机 docker 的 ry-cloud 库
- 口径：只声明「编译通过 / 构建成功」，不写「测试通过」

## 1. 背景

用户指出页内仍有「阶段 6 的下一批交付」占位。清点结果：8 处待做动作（详见 CR-108 第 2 节），
本批交付其中第 1 处：学校「学段配置」（PAGE-SCH-STAGE）。

## 2. 改动

- 前端：`StageConfigDialog.vue`（复选框 + 置灰 + 至少一个 + 原因说明）、`sch_list/index.vue` 接上入口、
  `api/edu/school` 的 `listSchoolStage` / `saveSchoolStage`、`types.ts` 的 `SchoolStageVO`。
- 后端：`EduSchoolStageVo.gradeCount`；`listSchoolStage` 返回年级数；`saveSchoolStage` 停开未选中学段，
  有年级引用则拒绝（REQ-SCH-034）。

## 3. 门禁

```
check_fe_page_structure.py → 通过
check_api_contract.py      → 通过（181 operationId）
check_docs.py              → 通过
check_gap_register.py      → 通过（101 条，无重复）
check_mermaid.py           → 通过（103 张图）
typecheck                  → error TS 51 条（= 基线 51，本批新增 0）
lint:eslint                → 124 problems（= 基线 124，本批新增 0）
build:prod                 → 成功（exit 0）
mvn ruoyi-edu compile      → BUILD SUCCESS
```

## 4. 实机与库内验证

Chrome：`/edu/school/list` → 行内「学段配置」→ 弹窗（截图 `2026-10-08_school-stage-dialog.png`，含 3 个复选框 +
RV-GRD-03 / REQ-SCH-033 提示）→ 勾选 高中 / 初中 / 小学 → 保存 → 页面 toast
「已保存学段配置：配置后可创建对应年级（BR-GRADE-006）」（截图 `2026-10-08_school-stage-saved.png`）。

库内：
```
select school_id, stage_code, status from edu_school_stage order by stage_code;
2108208954835251201  junior   1
2108208954835251201  primary  1
2108208954835251201  senior   1
```
（3 行，均为学校 2108208954835251201「蜀国学校」的开设学段。）

> 「开设学段 / 校区数 / 班级数」三列的取数在 CR-107 的后端改动里，需重启 ruoyi-edu 生效。

## 5. 剩余占位（下一批）

年级（指定年级主任 / 归档）→ 教师（任教关系 / 撤销离职登记）→ 班级（花名册与详情页）。
