# 阶段 7 证据：ruoyi-edu 导入导出引擎纵切（CR-091，2026-10-08）

命令：mvn -o -DskipTests -pl ruoyi-modules/ruoyi-edu -am compile（工作目录 services/RuoYi-Cloud-Plus）

结果：BUILD SUCCESS，exit 0。target/classes 下 403 个 class（本批 +36），编译源文件数 205。

说明：按 AGENTS.md 第 9 节，编译通过不等于测试通过；本批未跑单测、未启动服务、未连数据库。

--- Maven 关键输出 ---

[INFO] Building ruoyi-edu 2.6.2                                         [24/24]
[INFO]   from ruoyi-modules\ruoyi-edu\pom.xml
[INFO] --- compiler:3.14.0:compile (default-compile) @ ruoyi-edu ---
[INFO] Compiling 205 source files with javac [debug release 17] to target\classes
[INFO] ruoyi-edu .......................................... SUCCESS [ 12.919 s]
[INFO] BUILD SUCCESS
[INFO] Total time:  17.911 s

--- 契约覆盖自检（脚本比对 openapi 路径与 controller 映射） ---

controllers paths: 146
openapi ops: 181
missing: 18

本批补齐 20 个 operationId（引擎 7 个 + 模块级导入导出 13 个），剩余 18 个缺口的归属：
  - 审计模块 10 个（队列第 7 项）：listOperationLog / getOperationLog / listObjectChangeLog /
    exportOperationLog / listOperatorAccess / exportOperatorAccess / listSensitiveAccess /
    listSecurityEvent / listArchiveBatch / searchArchivedLog
  - 班级任教关系 1 个：listClassTeachingAssignment（依赖教师 / 任教关系模块补连接查询）
  - 账号与照片 7 个（上游缺口）：uploadStudentPhoto / getStudentPhoto（统一文件服务，GAP-027 / 093）、
    resetStudentPassword / resetTeacherPassword / disableTeacherAccount / enableTeacherAccount（GAP-091）、
    viewStudentPhone（GAP-090）

--- 门禁 ---

python tools/check_docs.py -> 通过
python tools/check_gap_register.py -> 通过（94 条，open = 0）
