# 阶段 7 证据：ruoyi-edu 选科模块纵切（CR-089，2026-10-08）

命令：mvn -o -DskipTests -pl ruoyi-modules/ruoyi-edu -am compile（工作目录 services/RuoYi-Cloud-Plus）

结果：BUILD SUCCESS，exit 0。target/classes 下 332 个 class（本批 +50）。

说明：按 AGENTS.md 第 9 节，编译通过不等于测试通过；本批未跑单测、未启动服务、未连数据库。

--- Maven 关键输出 ---

[INFO] Building ruoyi-edu 2.6.2                                         [24/24]
[INFO]   from ruoyi-modules\ruoyi-edu\pom.xml
[INFO] --- resources:3.3.1:resources (default-resources) @ ruoyi-edu ---
[INFO] skip non existing resourceDirectory D:\work\person_work\ruoyi-cloud-monorepo\services\RuoYi-Cloud-Plus\ruoyi-modules\ruoyi-edu\src\main\webapp
[INFO] --- flatten:1.3.0:flatten (flatten) @ ruoyi-edu ---
[INFO] Generating flattened POM of project org.dromara:ruoyi-edu:jar:2.6.2...
[INFO] --- compiler:3.14.0:compile (default-compile) @ ruoyi-edu ---
[INFO] Recompiling the module because of changed source code.
[INFO] Compiling 166 source files with javac [debug release 17] to target\classes
[INFO] Reactor Summary for RuoYi-Cloud-Plus 2.6.2:
[INFO] ruoyi-edu .......................................... SUCCESS [ 11.400 s]
[INFO] BUILD SUCCESS
[INFO] Total time:  16.950 s

--- 本批修掉的编译错误（MapStruct Plus） ---

[ERROR] EduStudentStreamToEduMyStreamVoMapper.java: Can't map property "String secondarySubjectCodes" to "List<String> secondarySubjectCodes".
[ERROR] EduMyStreamVoToEduStudentStreamMapper.java: Can't map property "List<String> secondarySubjectCodes" to "String secondarySubjectCodes".

处理：实体侧（逗号分隔 String）与展示侧（List<String>）的差异不再靠 @AutoMapping 单边忽略，
改为在 @AutoMapper 标注类（EduMyStreamVo）上同时写 @AutoMapping(ignore) + @ReverseAutoMapping(ignore)，
并把 EduStudentStream 上无效的 @AutoMapping 去掉（该类没有 @AutoMapper，注解不生效）。

--- 门禁 ---

python tools/check_docs.py -> 通过
python tools/check_gap_register.py -> 通过（92 条，closed 79 / answered 12 / waived 1，open = 0）
